25,25
|true;1.0,|true;1.0,|true;1.0,|true;1.0,|true;1.0,|true;1.0,|true;1.0,|true;1.0,|true;1.0,|true;1.0,|true;1.0,|true;1.0,|true;1.0,|true;1.0,|true;1.0,|true;1.0,|true;1.0,|true;1.0,|true;1.0,|true;1.0,|true;1.0,|true;1.0,|true;1.0,|true;1.0,|true;1.0
|true;1.0,|true;1.0,|true;1.0,|true;1.0,|true;1.0,|true;1.0,|true;1.0,|true;1.0,|true;1.0,|true;1.0,|true;1.0,|true;1.0,|true;1.0,|true;1.0,|true;1.0,|true;1.0,|true;1.0,|true;1.0,|true;1.0,|true;1.0,|true;1.0,|true;1.0,|true;1.0,|true;1.0,|true;1.0
|true;1.0,|true;1.0,|true;1.0,|true;1.0,|true;1.0,|true;1.0,|true;1.0,|true;1.0,|true;1.0,|true;1.0,|true;1.0,|true;1.0,|true;1.0,|true;1.0,|true;1.0,|true;1.0,|true;1.0,|true;1.0,|true;1.0,|true;1.0,|true;1.0,|true;1.0,|true;1.0,|true;1.0,|true;1.0
|true;1.0,|true;1.0,|true;1.0,|true;1.0,|true;1.0,|true;1.0,|true;1.0,|true;1.0,|true;1.0,|true;1.0,|true;1.0,|true;1.0,|true;1.0,|true;1.0,|true;1.0,|true;1.0,|true;1.0,|true;1.0,|true;1.0,|true;1.0,|true;1.0,|true;1.0,|true;1.0,|true;1.0,|true;1.0
|true;1.0,|true;1.0,|true;1.0,Textures/Artificial_Textures/Grates/Grate_Metal_B_01.png|true;1.0,Textures/Artificial_Textures/Grates/Grate_Metal_B_01.png|true;1.0,Textures/Artificial_Textures/Grates/Grate_Metal_B_01.png|true;1.0,Textures/Artificial_Textures/Grates/Grate_Metal_B_01.png|true;1.0,|true;1.0,|true;1.0,|true;1.0,|true;1.0,|true;1.0,|true;1.0,|true;1.0,|true;1.0,|true;1.0,|true;1.0,|true;1.0,|true;1.0,|true;1.0,|true;1.0,|true;1.0,|true;1.0,|true;1.0,|true;1.0
|true;1.0,|true;1.0,|true;1.0,Textures/Artificial_Textures/Grates/Grate_Metal_B_01.png|true;1.0,Textures/Artificial_Textures/Grates/Grate_Metal_B_01.png|true;1.0,Textures/Artificial_Textures/Grates/Grate_Metal_B_01.png|true;1.0,Textures/Artificial_Textures/Grates/Grate_Metal_B_01.png|true;1.0,|true;1.0,|true;1.0,|true;1.0,|true;1.0,|true;1.0,|true;1.0,|true;1.0,|true;1.0,|true;1.0,|true;1.0,|true;1.0,|true;1.0,|true;1.0,|true;1.0,|true;1.0,|true;1.0,|true;1.0,|true;1.0
|true;1.0,|true;1.0,|true;1.0,|true;1.0,|true;1.0,|true;1.0,|true;1.0,|true;1.0,|true;1.0,|true;1.0,|true;1.0,|true;1.0,|true;1.0,|true;1.0,|true;1.0,|true;1.0,|true;1.0,|true;1.0,|true;1.0,|true;1.0,|true;1.0,|true;1.0,|true;1.0,|true;1.0,|true;1.0
|true;1.0,|true;1.0,|true;1.0,|true;1.0,|true;1.0,|true;1.0,|true;1.0,|true;1.0,|true;1.0,|true;1.0,|true;1.0,|true;1.0,|true;1.0,|true;1.0,|true;1.0,|true;1.0,|true;1.0,|true;1.0,|true;1.0,|true;1.0,|true;1.0,|true;1.0,|true;1.0,|true;1.0,|true;1.0
|true;1.0,|true;1.0,|true;1.0,|true;1.0,|true;1.0,|true;1.0,|true;1.0,|true;1.0,|true;1.0,|true;1.0,|true;1.0,|true;1.0,|true;1.0,|true;1.0,|true;1.0,|true;1.0,|true;1.0,|true;1.0,|true;1.0,|true;1.0,|true;1.0,|true;1.0,|true;1.0,|true;1.0,|true;1.0
|true;1.0,|true;1.0,|true;1.0,|true;1.0,|true;1.0,|true;1.0,|true;1.0,|true;1.0,|true;1.0,|true;1.0,|true;1.0,|true;1.0,|true;1.0,|true;1.0,|true;1.0,|true;1.0,|true;1.0,|true;1.0,|true;1.0,|true;1.0,|true;1.0,|true;1.0,|true;1.0,|true;1.0,|true;1.0
|true;1.0,|true;1.0,|true;1.0,|true;1.0,|true;1.0,|true;1.0,|true;1.0,|true;1.0,|true;1.0,|true;1.0,|true;1.0,|true;1.0,|true;1.0,|true;1.0,|true;1.0,|true;1.0,|true;1.0,|true;1.0,|true;1.0,|true;1.0,|true;1.0,|true;1.0,|true;1.0,|true;1.0,|true;1.0
|true;1.0,|true;1.0,|true;1.0,|true;1.0,|true;1.0,|true;1.0,|true;1.0,|true;1.0,|true;1.0,|true;1.0,|true;1.0,|true;1.0,|true;1.0,|true;1.0,|true;1.0,|true;1.0,|true;1.0,|true;1.0,|true;1.0,|true;1.0,|true;1.0,|true;1.0,|true;1.0,|true;1.0,|true;1.0
|true;1.0,|true;1.0,|true;1.0,|true;1.0,|true;1.0,|true;1.0,|true;1.0,|true;1.0,|true;1.0,|true;1.0,|true;1.0,|true;1.0,|true;1.0,|true;1.0,|true;1.0,|true;1.0,|true;1.0,|true;1.0,|true;1.0,|true;1.0,|true;1.0,|true;1.0,|true;1.0,|true;1.0,|true;1.0
|true;1.0,|true;1.0,|true;1.0,|true;1.0,|true;1.0,|true;1.0,|true;1.0,|true;1.0,|true;1.0,|true;1.0,|true;1.0,|true;1.0,|true;1.0,|true;1.0,|true;1.0,|true;1.0,|true;1.0,|true;1.0,|true;1.0,|true;1.0,|true;1.0,|true;1.0,|true;1.0,|true;1.0,|true;1.0
|true;1.0,|true;1.0,|true;1.0,|true;1.0,|true;1.0,|true;1.0,|true;1.0,|true;1.0,|true;1.0,|true;1.0,|true;1.0,|true;1.0,|true;1.0,|true;1.0,|true;1.0,|true;1.0,|true;1.0,|true;1.0,|true;1.0,|true;1.0,|true;1.0,|true;1.0,|true;1.0,|true;1.0,|true;1.0
|true;1.0,|true;1.0,|true;1.0,|true;1.0,|true;1.0,|true;1.0,|true;1.0,|true;1.0,|true;1.0,|true;1.0,|true;1.0,|true;1.0,|true;1.0,|true;1.0,|true;1.0,|true;1.0,|true;1.0,|true;1.0,|true;1.0,|true;1.0,|true;1.0,|true;1.0,|true;1.0,|true;1.0,|true;1.0
|true;1.0,|true;1.0,|true;1.0,|true;1.0,|true;1.0,|true;1.0,|true;1.0,|true;1.0,|true;1.0,|true;1.0,|true;1.0,|true;1.0,|true;1.0,|true;1.0,|true;1.0,|true;1.0,|true;1.0,|true;1.0,|true;1.0,|true;1.0,|true;1.0,|true;1.0,|true;1.0,|true;1.0,|true;1.0
|true;1.0,|true;1.0,|true;1.0,|true;1.0,|true;1.0,|true;1.0,|true;1.0,|true;1.0,|true;1.0,|true;1.0,|true;1.0,|true;1.0,|true;1.0,|true;1.0,|true;1.0,|true;1.0,|true;1.0,|true;1.0,|true;1.0,|true;1.0,|true;1.0,|true;1.0,|true;1.0,|true;1.0,|true;1.0
|true;1.0,|true;1.0,|true;1.0,|true;1.0,|true;1.0,|true;1.0,|true;1.0,|true;1.0,|true;1.0,|true;1.0,|true;1.0,|true;1.0,|true;1.0,|true;1.0,|true;1.0,|true;1.0,|true;1.0,|true;1.0,|true;1.0,|true;1.0,|true;1.0,|true;1.0,|true;1.0,|true;1.0,|true;1.0
|true;1.0,|true;1.0,|true;1.0,|true;1.0,|true;1.0,|true;1.0,|true;1.0,|true;1.0,|true;1.0,|true;1.0,|true;1.0,|true;1.0,|true;1.0,|true;1.0,|true;1.0,|true;1.0,|true;1.0,|true;1.0,|true;1.0,|true;1.0,|true;1.0,|true;1.0,|true;1.0,|true;1.0,|true;1.0
|true;1.0,|true;1.0,|true;1.0,|true;1.0,|true;1.0,|true;1.0,|true;1.0,|true;1.0,|true;1.0,|true;1.0,|true;1.0,|true;1.0,|true;1.0,|true;1.0,|true;1.0,|true;1.0,|true;1.0,|true;1.0,|true;1.0,|true;1.0,|true;1.0,|true;1.0,|true;1.0,|true;1.0,|true;1.0
|true;1.0,|true;1.0,|true;1.0,|true;1.0,|true;1.0,|true;1.0,|true;1.0,|true;1.0,|true;1.0,|true;1.0,|true;1.0,|true;1.0,|true;1.0,|true;1.0,|true;1.0,|true;1.0,|true;1.0,|true;1.0,|true;1.0,|true;1.0,|true;1.0,|true;1.0,|true;1.0,|true;1.0,|true;1.0
|true;1.0,|true;1.0,|true;1.0,|true;1.0,|true;1.0,|true;1.0,|true;1.0,|true;1.0,|true;1.0,|true;1.0,|true;1.0,|true;1.0,|true;1.0,|true;1.0,|true;1.0,|true;1.0,|true;1.0,|true;1.0,|true;1.0,|true;1.0,|true;1.0,|true;1.0,|true;1.0,|true;1.0,|true;1.0
|true;1.0,|true;1.0,|true;1.0,|true;1.0,|true;1.0,|true;1.0,|true;1.0,|true;1.0,|true;1.0,|true;1.0,|true;1.0,|true;1.0,|true;1.0,|true;1.0,|true;1.0,|true;1.0,|true;1.0,|true;1.0,|true;1.0,|true;1.0,|true;1.0,|true;1.0,|true;1.0,|true;1.0,|true;1.0
|true;1.0,|true;1.0,|true;1.0,|true;1.0,|true;1.0,|true;1.0,|true;1.0,|true;1.0,|true;1.0,|true;1.0,|true;1.0,|true;1.0,|true;1.0,|true;1.0,|true;1.0,|true;1.0,|true;1.0,|true;1.0,|true;1.0,|true;1.0,|true;1.0,|true;1.0,|true;1.0,|true;1.0,|true;1.0
