25,25
|true;1.0;10;false;false|true;1.0;10;false;false|true;1.0;0;false;false|true;1.0;0;false;false|true;1.0;0;false;false|true;1.0;0;false;false|true;1.0;0;false;false|true;1.0;0;false;false|true;1.0;0;false;false|true;1.0;0;false;false|true;1.0;0;false;false|true;1.0;0;false;false|true;1.0;0;false;false|true;1.0;0;false;false|true;1.0;0;false;false|true;1.0;0;false;false|true;1.0;0;false;false|true;1.0;0;false;false|true;1.0;0;false;false|true;1.0;0;false;false|true;1.0;0;false;false|true;1.0;0;false;false|true;1.0;0;false;false|true;1.0;0;false;false|true;1.0;0;false;false|
|true;1.0;10;false;false|true;1.0;10;false;false|true;1.0;0;false;false|true;1.0;0;false;false|true;1.0;0;false;false|true;1.0;0;false;false|true;1.0;0;false;false|true;1.0;0;false;false|true;1.0;0;false;false|true;1.0;0;false;false|true;1.0;0;false;false|true;1.0;0;false;false|true;1.0;0;false;false|true;1.0;0;false;false|true;1.0;0;false;false|true;1.0;0;false;false|true;1.0;0;false;false|true;1.0;0;false;false|true;1.0;0;false;false|true;1.0;0;false;false|true;1.0;0;false;false|true;1.0;0;false;false|true;1.0;0;false;false|true;1.0;0;false;false|true;1.0;0;false;false|
|true;1.0;10;false;false|true;1.0;10;false;false|true;1.0;0;false;false|true;1.0;0;false;false|true;1.0;0;false;false|true;1.0;0;false;false|true;1.0;0;false;false|true;1.0;0;false;false|true;1.0;0;false;false|true;1.0;0;false;false|true;1.0;0;false;false|true;1.0;0;false;false|true;1.0;0;false;false|true;1.0;0;false;false|true;1.0;0;false;false|true;1.0;0;false;false|true;1.0;0;false;false|true;1.0;0;false;false|true;1.0;0;false;false|true;1.0;0;false;false|true;1.0;0;false;false|true;1.0;0;false;false|true;1.0;0;false;false|true;1.0;0;false;false|true;1.0;0;false;false|
|true;1.0;10;false;false|true;1.0;10;false;false|true;1.0;0;false;false|true;1.0;0;false;false|true;1.0;0;false;false|true;1.0;0;false;false|true;1.0;0;false;false|true;1.0;0;false;false|true;1.0;0;false;false|true;1.0;0;false;false|true;1.0;0;false;false|true;1.0;0;false;false|true;1.0;0;false;false|true;1.0;0;false;false|true;1.0;0;false;false|true;1.0;0;false;false|true;1.0;0;false;false|true;1.0;0;false;false|true;1.0;0;false;false|true;1.0;0;false;false|true;1.0;0;false;false|true;1.0;0;false;false|true;1.0;0;false;false|true;1.0;0;false;false|true;1.0;0;false;false|
|true;1.0;10;false;false|true;1.0;10;false;false|true;1.0;0;false;false|true;1.0;0;false;false|true;1.0;0;false;false|true;1.0;0;false;false|true;1.0;0;false;false|true;1.0;0;false;false|true;1.0;0;false;false|true;1.0;0;false;false|true;1.0;0;false;false|true;1.0;0;false;false|true;1.0;0;false;false|true;1.0;0;false;false|true;1.0;0;false;false|true;1.0;0;false;false|true;1.0;0;false;false|true;1.0;0;false;false|true;1.0;0;false;false|true;1.0;0;false;false|true;1.0;0;false;false|true;1.0;0;false;false|true;1.0;0;false;false|true;1.0;0;false;false|true;1.0;0;false;false|
|true;1.0;10;false;false|true;1.0;10;false;false|true;1.0;0;false;false|true;1.0;0;false;false|true;1.0;0;false;false|true;1.0;0;false;false|true;1.0;0;false;false|true;1.0;0;false;false|true;1.0;0;false;false|true;1.0;0;false;false|true;1.0;0;false;false|true;1.0;0;false;false|true;1.0;0;false;false|true;1.0;0;false;false|true;1.0;0;false;false|true;1.0;0;false;false|true;1.0;0;false;false|true;1.0;0;false;false|true;1.0;0;false;false|true;1.0;0;false;false|true;1.0;0;false;false|true;1.0;0;false;false|true;1.0;0;false;false|true;1.0;0;false;false|true;1.0;0;false;false|
|true;1.0;10;false;false|true;1.0;10;false;false|true;1.0;0;false;false|true;1.0;0;false;false|true;1.0;0;false;false|true;1.0;0;false;false|true;1.0;0;false;false|true;1.0;0;false;false|true;1.0;0;false;false|true;1.0;0;false;false|true;1.0;0;false;false|true;1.0;0;false;false|true;1.0;0;false;false|true;1.0;0;false;false|true;1.0;0;false;false|true;1.0;0;false;false|true;1.0;0;false;false|true;1.0;0;false;false|true;1.0;0;false;false|true;1.0;0;false;false|true;1.0;0;false;false|true;1.0;0;false;false|true;1.0;0;false;false|true;1.0;0;false;false|true;1.0;0;false;false|
|true;1.0;10;false;false|true;1.0;10;false;false|true;1.0;0;false;false|true;1.0;0;false;false|true;1.0;0;false;false|true;1.0;0;false;false|true;1.0;0;false;false|true;1.0;0;false;false|true;1.0;0;false;false|true;1.0;0;false;false|true;1.0;0;false;false|true;1.0;0;false;false|true;1.0;0;false;false|true;1.0;0;false;false|true;1.0;0;false;false|true;1.0;0;false;false|true;1.0;0;false;false|true;1.0;0;false;false|true;1.0;0;false;false|true;1.0;0;false;false|true;1.0;0;false;false|true;1.0;0;false;false|true;1.0;0;false;false|true;1.0;0;false;false|true;1.0;0;false;false|
|true;1.0;10;false;false|true;1.0;10;false;false|true;1.0;0;false;false|true;1.0;0;false;false|true;1.0;0;false;false|true;1.0;0;false;false|true;1.0;0;false;false|true;1.0;0;false;false|true;1.0;0;false;false|true;1.0;0;false;false|true;1.0;0;false;false|true;1.0;0;false;false|true;1.0;0;false;false|true;1.0;0;false;false|true;1.0;0;false;false|true;1.0;0;false;false|true;1.0;0;false;false|true;1.0;0;false;false|true;1.0;0;false;false|true;1.0;0;false;false|true;1.0;0;false;false|true;1.0;0;false;false|true;1.0;0;false;false|true;1.0;0;false;false|true;1.0;0;false;false|
|true;1.0;0;false;false|true;1.0;0;false;false|true;1.0;0;false;false|true;1.0;0;false;false|true;1.0;0;false;false|true;1.0;0;false;false|true;1.0;0;false;false|true;1.0;0;false;false|true;1.0;0;false;false|true;1.0;0;false;false|true;1.0;0;false;false|true;1.0;0;false;false|true;1.0;0;false;false|true;1.0;0;false;false|true;1.0;0;false;false|true;1.0;0;false;false|true;1.0;0;false;false|true;1.0;0;false;false|true;1.0;0;false;false|true;1.0;0;false;false|true;1.0;0;false;false|true;1.0;0;false;false|true;1.0;0;false;false|true;1.0;0;false;false|true;1.0;0;false;false|
|true;1.0;0;false;false|true;1.0;0;false;false|true;1.0;0;false;false|true;1.0;0;false;false|true;1.0;0;false;false|true;1.0;0;false;false|true;1.0;0;false;false|true;1.0;0;false;false|true;1.0;0;false;false|true;1.0;0;false;false|true;1.0;0;false;false|true;1.0;0;false;false|true;1.0;0;false;false|true;1.0;0;false;false|true;1.0;0;false;false|true;1.0;0;false;false|true;1.0;0;false;false|true;1.0;0;false;false|true;1.0;0;false;false|true;1.0;0;false;false|true;1.0;0;false;false|true;1.0;0;false;false|true;1.0;0;false;false|true;1.0;0;false;false|true;1.0;0;false;false|
|true;1.0;0;false;false|true;1.0;0;false;false|true;1.0;0;false;false|true;1.0;0;false;false|true;1.0;0;false;false|true;1.0;0;false;false|true;1.0;0;false;false|true;1.0;0;false;false|true;1.0;0;false;false|true;1.0;0;false;false|true;1.0;0;false;false|true;1.0;0;false;false|true;1.0;0;false;false|true;1.0;0;false;false|true;1.0;0;false;false|true;1.0;0;false;false|true;1.0;0;false;false|true;1.0;0;false;false|true;1.0;0;false;false|true;1.0;0;false;false|true;1.0;0;false;false|true;1.0;0;false;false|true;1.0;0;false;false|true;1.0;0;false;false|true;1.0;0;false;false|
|true;1.0;0;false;false|true;1.0;0;false;false|true;1.0;0;false;false|true;1.0;0;false;false|true;1.0;0;false;false|true;1.0;0;false;false|true;1.0;0;false;false|true;1.0;0;false;false|true;1.0;0;false;false|true;1.0;0;false;false|true;1.0;0;false;false|true;1.0;0;false;false|true;1.0;0;false;false|true;1.0;0;false;false|true;1.0;0;false;false|true;1.0;0;false;false|true;1.0;0;false;false|true;1.0;0;false;false|true;1.0;0;false;false|true;1.0;0;false;false|true;1.0;0;false;false|true;1.0;0;false;false|true;1.0;0;false;false|true;1.0;0;false;false|true;1.0;0;false;false|
|true;1.0;0;false;false|true;1.0;0;false;false|true;1.0;0;false;false|true;1.0;0;false;false|true;1.0;0;false;false|true;1.0;0;false;false|true;1.0;0;false;false|true;1.0;0;false;false|true;1.0;0;false;false|true;1.0;0;false;false|true;1.0;0;false;false|true;1.0;0;false;false|true;1.0;0;false;false|true;1.0;0;false;false|true;1.0;0;false;false|true;1.0;0;false;false|true;1.0;0;false;false|true;1.0;0;false;false|true;1.0;0;false;false|true;1.0;0;false;false|true;1.0;0;false;false|true;1.0;0;false;false|true;1.0;0;false;false|true;1.0;0;false;false|true;1.0;0;false;false|
|true;1.0;0;false;false|true;1.0;0;false;false|true;1.0;0;false;false|true;1.0;0;false;false|true;1.0;0;false;false|true;1.0;0;false;false|true;1.0;0;false;false|true;1.0;0;false;false|true;1.0;0;false;false|true;1.0;0;false;false|true;1.0;0;false;false|true;1.0;0;false;false|true;1.0;0;false;false|true;1.0;0;false;false|true;1.0;0;false;false|true;1.0;0;false;false|true;1.0;0;false;false|true;1.0;0;false;false|true;1.0;0;false;false|true;1.0;0;false;false|true;1.0;0;false;false|true;1.0;0;false;false|true;1.0;0;false;false|true;1.0;0;false;false|true;1.0;0;false;false|
|true;1.0;0;false;false|true;1.0;0;false;false|true;1.0;0;false;false|true;1.0;0;false;false|true;1.0;0;false;false|true;1.0;0;false;false|true;1.0;0;false;false|true;1.0;0;false;false|true;1.0;0;false;false|true;1.0;0;false;false|true;1.0;0;false;false|true;1.0;0;false;false|true;1.0;0;false;false|true;1.0;0;false;false|true;1.0;0;false;false|true;1.0;0;false;false|true;1.0;0;false;false|true;1.0;0;false;false|true;1.0;0;false;false|true;1.0;0;false;false|true;1.0;0;false;false|true;1.0;0;false;false|true;1.0;0;false;false|true;1.0;0;false;false|true;1.0;0;false;false|
|true;1.0;0;false;false|true;1.0;0;false;false|true;1.0;0;false;false|true;1.0;0;false;false|true;1.0;0;false;false|true;1.0;0;false;false|true;1.0;0;false;false|true;1.0;0;false;false|true;1.0;0;false;false|true;1.0;0;false;false|true;1.0;0;false;false|true;1.0;0;false;false|true;1.0;0;false;false|true;1.0;0;false;false|true;1.0;0;false;false|true;1.0;0;false;false|true;1.0;0;false;false|true;1.0;0;false;false|true;1.0;0;false;false|true;1.0;0;false;false|true;1.0;0;false;false|true;1.0;0;false;false|true;1.0;0;false;false|true;1.0;0;false;false|true;1.0;0;false;false|
|true;1.0;0;false;false|true;1.0;0;false;false|true;1.0;0;false;false|true;1.0;0;false;false|true;1.0;0;false;false|true;1.0;0;false;false|true;1.0;0;false;false|true;1.0;0;false;false|true;1.0;0;false;false|true;1.0;0;false;false|true;1.0;0;false;false|true;1.0;0;false;false|true;1.0;0;false;false|true;1.0;0;false;false|true;1.0;0;false;false|true;1.0;0;false;false|true;1.0;0;false;false|true;1.0;0;false;false|true;1.0;0;false;false|true;1.0;0;false;false|true;1.0;0;false;false|true;1.0;0;false;false|true;1.0;0;false;false|true;1.0;0;false;false|true;1.0;0;false;false|
|true;1.0;0;false;false|true;1.0;0;false;false|true;1.0;0;false;false|true;1.0;0;false;false|true;1.0;0;false;false|true;1.0;0;false;false|true;1.0;0;false;false|true;1.0;0;false;false|true;1.0;0;false;false|true;1.0;0;false;false|true;1.0;0;false;false|true;1.0;0;false;false|true;1.0;0;false;false|true;1.0;0;false;false|true;1.0;0;false;false|true;1.0;0;false;false|true;1.0;0;false;false|true;1.0;0;false;false|true;1.0;0;false;false|true;1.0;0;false;false|true;1.0;0;false;false|true;1.0;0;false;false|true;1.0;0;false;false|true;1.0;0;false;false|true;1.0;0;false;false|
|true;1.0;0;false;false|true;1.0;0;false;false|true;1.0;0;false;false|true;1.0;0;false;false|true;1.0;0;false;false|true;1.0;0;false;false|true;1.0;0;false;false|true;1.0;0;false;false|true;1.0;0;false;false|true;1.0;0;false;false|true;1.0;0;false;false|true;1.0;0;false;false|true;1.0;0;false;false|true;1.0;0;false;false|true;1.0;0;false;false|true;1.0;0;false;false|true;1.0;0;false;false|true;1.0;0;false;false|true;1.0;0;false;false|true;1.0;0;false;false|true;1.0;0;false;false|true;1.0;0;false;false|true;1.0;0;false;false|true;1.0;0;false;false|true;1.0;0;false;false|
|true;1.0;0;false;false|true;1.0;0;false;false|true;1.0;0;false;false|true;1.0;0;false;false|true;1.0;0;false;false|true;1.0;0;false;false|true;1.0;0;false;false|true;1.0;0;false;false|true;1.0;0;false;false|true;1.0;0;false;false|true;1.0;0;false;false|true;1.0;0;false;false|true;1.0;0;false;false|true;1.0;0;false;false|true;1.0;0;false;false|true;1.0;0;false;false|true;1.0;0;false;false|true;1.0;0;false;false|true;1.0;0;false;false|true;1.0;0;false;false|true;1.0;0;false;false|true;1.0;0;false;false|true;1.0;0;false;false|true;1.0;0;false;false|true;1.0;0;false;false|
|true;1.0;0;false;false|true;1.0;0;false;false|true;1.0;0;false;false|true;1.0;0;false;false|true;1.0;0;false;false|true;1.0;0;false;false|true;1.0;0;false;false|true;1.0;0;false;false|true;1.0;0;false;false|true;1.0;0;false;false|true;1.0;0;false;false|true;1.0;0;false;false|true;1.0;0;false;false|true;1.0;0;false;false|true;1.0;0;false;false|true;1.0;0;false;false|true;1.0;0;false;false|true;1.0;0;false;false|true;1.0;0;false;false|true;1.0;0;false;false|true;1.0;0;false;false|true;1.0;0;false;false|true;1.0;0;false;false|true;1.0;0;false;false|true;1.0;0;false;false|
|true;1.0;0;false;false|true;1.0;0;false;false|true;1.0;0;false;false|true;1.0;0;false;false|true;1.0;0;false;false|true;1.0;0;false;false|true;1.0;0;false;false|true;1.0;0;false;false|true;1.0;0;false;false|true;1.0;0;false;false|true;1.0;0;false;false|true;1.0;0;false;false|true;1.0;0;false;false|true;1.0;0;false;false|true;1.0;0;false;false|true;1.0;0;false;false|true;1.0;0;false;false|true;1.0;0;false;false|true;1.0;0;false;false|true;1.0;0;false;false|true;1.0;0;false;false|true;1.0;0;false;false|true;1.0;0;false;false|true;1.0;0;false;false|true;1.0;0;false;false|
|true;1.0;0;false;false|true;1.0;0;false;false|true;1.0;0;false;false|true;1.0;0;false;false|true;1.0;0;false;false|true;1.0;0;false;false|true;1.0;0;false;false|true;1.0;0;false;false|true;1.0;0;false;false|true;1.0;0;false;false|true;1.0;0;false;false|true;1.0;0;false;false|true;1.0;0;false;false|true;1.0;0;false;false|true;1.0;0;false;false|true;1.0;0;false;false|true;1.0;0;false;false|true;1.0;0;false;false|true;1.0;0;false;false|true;1.0;0;false;false|true;1.0;0;false;false|true;1.0;0;false;false|true;1.0;0;false;false|true;1.0;0;false;false|true;1.0;0;false;false|
|true;1.0;0;false;false|true;1.0;0;false;false|true;1.0;0;false;false|true;1.0;0;false;false|true;1.0;0;false;false|true;1.0;0;false;false|true;1.0;0;false;false|true;1.0;0;false;false|true;1.0;0;false;false|true;1.0;0;false;false|true;1.0;0;false;false|true;1.0;0;false;false|true;1.0;0;false;false|true;1.0;0;false;false|true;1.0;0;false;false|true;1.0;0;false;false|true;1.0;0;false;false|true;1.0;0;false;false|true;1.0;0;false;false|true;1.0;0;false;false|true;1.0;0;false;false|true;1.0;0;false;false|true;1.0;0;false;false|true;1.0;0;false;false|true;1.0;0;false;false|
