25,25
|true;1.0,|true;1.0,|true;1.0,|true;1.0,|true;1.0,|true;1.0,|true;1.0,|true;1.0,|true;1.0,|true;1.0,|true;1.0,|true;1.0,|true;1.0,|true;1.0,|true;1.0,|true;1.0,|true;1.0,|true;1.0,|true;1.0,|true;1.0,|true;1.0,|true;1.0,|true;1.0,|true;1.0,|true;1.0
|true;1.0,|true;1.0,|true;1.0,|true;1.0,|true;1.0,|true;1.0,|true;1.0,|true;1.0,|true;1.0,|true;1.0,|true;1.0,|true;1.0,|true;1.0,|true;1.0,|true;1.0,|true;1.0,|true;1.0,|true;1.0,|true;1.0,|true;1.0,|true;1.0,|true;1.0,|true;1.0,|true;1.0,|true;1.0
|true;1.0,|true;1.0,|true;1.0,|true;1.0,Textures/Natural_Textures/Forest/Clover_A_03.jpg|true;1.0,|true;1.0,|true;1.0,|true;1.0,|true;1.0,|true;1.0,|true;1.0,|true;1.0,|true;1.0,|true;1.0,|true;1.0,|true;1.0,|true;1.0,|true;1.0,|true;1.0,|true;1.0,|true;1.0,|true;1.0,|true;1.0,|true;1.0,|true;1.0
|true;1.0,|true;1.0,Textures/Natural_Textures/Forest/Clover_A_03.jpg|true;1.0,Textures/Natural_Textures/Forest/Clover_A_03.jpg|true;1.0,Textures/Natural_Textures/Forest/Clover_A_03.jpg|true;1.0,Textures/Natural_Textures/Forest/Clover_A_03.jpg|true;1.0,Textures/Natural_Textures/Forest/Clover_A_03.jpg|true;1.0,Textures/Natural_Textures/Forest/Clover_A_03.jpg|true;1.0,|true;1.0,|true;1.0,|true;1.0,|true;1.0,|true;1.0,|true;1.0,|true;1.0,|true;1.0,|true;1.0,|true;1.0,|true;1.0,|true;1.0,|true;1.0,|true;1.0,|true;1.0,|true;1.0,|true;1.0
|true;1.0,|true;1.0,|true;1.0,Textures/Natural_Textures/Forest/Clover_A_03.jpg|true;1.0,Textures/Natural_Textures/Forest/Clover_A_03.jpg|true;1.0,Textures/Natural_Textures/Forest/Clover_A_03.jpg|true;1.0,Textures/Natural_Textures/Forest/Clover_A_03.jpg|true;1.0,|true;1.0,|true;1.0,|true;1.0,|true;1.0,|true;1.0,|true;1.0,|true;1.0,|true;1.0,|true;1.0,|true;1.0,|true;1.0,|true;1.0,|true;1.0,|true;1.0,|true;1.0,|true;1.0,|true;1.0,|true;1.0
|true;1.0,|true;1.0,|true;1.0,|true;1.0,|true;1.0,|true;1.0,|true;1.0,|true;1.0,|true;1.0,|true;1.0,|true;1.0,|true;1.0,|true;1.0,|true;1.0,|true;1.0,|true;1.0,|true;1.0,|true;1.0,|true;1.0,|true;1.0,|true;1.0,|true;1.0,|true;1.0,|true;1.0,|true;1.0
|true;1.0,|true;1.0,|true;1.0,|true;1.0,|true;1.0,|true;1.0,Textures/Natural_Textures/Forest/Clover_A_03.jpg|true;1.0,|true;1.0,|true;1.0,|true;1.0,|true;1.0,|true;1.0,|true;1.0,|true;1.0,|true;1.0,|true;1.0,|true;1.0,|true;1.0,|true;1.0,|true;1.0,|true;1.0,|true;1.0,|true;1.0,|true;1.0,|true;1.0
|true;1.0,|true;1.0,|true;1.0,|true;1.0,|true;1.0,|true;1.0,|true;1.0,|true;1.0,|true;1.0,|true;1.0,|true;1.0,|true;1.0,|true;1.0,|true;1.0,|true;1.0,|true;1.0,|true;1.0,|true;1.0,|true;1.0,|true;1.0,|true;1.0,|true;1.0,|true;1.0,|true;1.0,|true;1.0
|true;1.0,|true;1.0,|true;1.0,|true;1.0,|true;1.0,|true;1.0,|true;1.0,|true;1.0,|true;1.0,|true;1.0,|true;1.0,|true;1.0,|true;1.0,|true;1.0,|true;1.0,|true;1.0,|true;1.0,|true;1.0,|true;1.0,|true;1.0,|true;1.0,|true;1.0,|true;1.0,|true;1.0,|true;1.0
|true;1.0,|true;1.0,|true;1.0,|true;1.0,|true;1.0,|true;1.0,|true;1.0,|true;1.0,|true;1.0,|true;1.0,|true;1.0,|true;1.0,|true;1.0,|true;1.0,|true;1.0,|true;1.0,|true;1.0,|true;1.0,|true;1.0,|true;1.0,|true;1.0,|true;1.0,|true;1.0,|true;1.0,|true;1.0
|true;1.0,|true;1.0,|true;1.0,|true;1.0,|true;1.0,|true;1.0,|true;1.0,|true;1.0,|true;1.0,|true;1.0,|true;1.0,|true;1.0,|true;1.0,|true;1.0,|true;1.0,|true;1.0,|true;1.0,|true;1.0,|true;1.0,|true;1.0,|true;1.0,|true;1.0,|true;1.0,|true;1.0,|true;1.0
|true;1.0,|true;1.0,|true;1.0,|true;1.0,|true;1.0,|true;1.0,|true;1.0,|true;1.0,|true;1.0,|true;1.0,|true;1.0,|true;1.0,|true;1.0,|true;1.0,|true;1.0,|true;1.0,|true;1.0,|true;1.0,|true;1.0,|true;1.0,|true;1.0,|true;1.0,|true;1.0,|true;1.0,|true;1.0
|true;1.0,|true;1.0,|true;1.0,|true;1.0,|true;1.0,|true;1.0,|true;1.0,|true;1.0,|true;1.0,|true;1.0,|true;1.0,|true;1.0,|true;1.0,|true;1.0,|true;1.0,|true;1.0,|true;1.0,|true;1.0,|true;1.0,|true;1.0,|true;1.0,|true;1.0,|true;1.0,|true;1.0,|true;1.0
|true;1.0,|true;1.0,|true;1.0,|true;1.0,|true;1.0,|true;1.0,|true;1.0,|true;1.0,|true;1.0,|true;1.0,|true;1.0,|true;1.0,|true;1.0,|true;1.0,|true;1.0,|true;1.0,|true;1.0,|true;1.0,|true;1.0,|true;1.0,|true;1.0,|true;1.0,|true;1.0,|true;1.0,|true;1.0
|true;1.0,|true;1.0,|true;1.0,|true;1.0,|true;1.0,|true;1.0,|true;1.0,|true;1.0,|true;1.0,|true;1.0,|true;1.0,|true;1.0,|true;1.0,|true;1.0,|true;1.0,|true;1.0,|true;1.0,|true;1.0,|true;1.0,|true;1.0,|true;1.0,|true;1.0,|true;1.0,|true;1.0,|true;1.0
|true;1.0,|true;1.0,|true;1.0,|true;1.0,|true;1.0,|true;1.0,|true;1.0,|true;1.0,|true;1.0,|true;1.0,|true;1.0,|true;1.0,|true;1.0,|true;1.0,|true;1.0,|true;1.0,|true;1.0,|true;1.0,|true;1.0,|true;1.0,|true;1.0,|true;1.0,|true;1.0,|true;1.0,|true;1.0
|true;1.0,|true;1.0,|true;1.0,|true;1.0,|true;1.0,|true;1.0,|true;1.0,|true;1.0,|true;1.0,|true;1.0,|true;1.0,|true;1.0,|true;1.0,|true;1.0,|true;1.0,|true;1.0,|true;1.0,|true;1.0,|true;1.0,|true;1.0,|true;1.0,|true;1.0,|true;1.0,|true;1.0,|true;1.0
|true;1.0,|true;1.0,|true;1.0,|true;1.0,|true;1.0,|true;1.0,|true;1.0,|true;1.0,|true;1.0,|true;1.0,|true;1.0,|true;1.0,|true;1.0,|true;1.0,|true;1.0,|true;1.0,|true;1.0,|true;1.0,|true;1.0,|true;1.0,|true;1.0,|true;1.0,|true;1.0,|true;1.0,|true;1.0
|true;1.0,|true;1.0,|true;1.0,|true;1.0,|true;1.0,|true;1.0,|true;1.0,|true;1.0,|true;1.0,|true;1.0,|true;1.0,|true;1.0,|true;1.0,|true;1.0,|true;1.0,|true;1.0,|true;1.0,|true;1.0,|true;1.0,|true;1.0,|true;1.0,|true;1.0,|true;1.0,|true;1.0,|true;1.0
|true;1.0,|true;1.0,|true;1.0,|true;1.0,|true;1.0,|true;1.0,|true;1.0,|true;1.0,|true;1.0,|true;1.0,|true;1.0,|true;1.0,|true;1.0,|true;1.0,|true;1.0,|true;1.0,|true;1.0,|true;1.0,|true;1.0,|true;1.0,|true;1.0,|true;1.0,|true;1.0,|true;1.0,|true;1.0
|true;1.0,|true;1.0,|true;1.0,|true;1.0,|true;1.0,|true;1.0,|true;1.0,|true;1.0,|true;1.0,|true;1.0,|true;1.0,|true;1.0,|true;1.0,|true;1.0,|true;1.0,|true;1.0,|true;1.0,|true;1.0,|true;1.0,|true;1.0,|true;1.0,|true;1.0,|true;1.0,|true;1.0,|true;1.0
|true;1.0,|true;1.0,|true;1.0,|true;1.0,|true;1.0,|true;1.0,|true;1.0,|true;1.0,|true;1.0,|true;1.0,|true;1.0,|true;1.0,|true;1.0,|true;1.0,|true;1.0,|true;1.0,|true;1.0,|true;1.0,|true;1.0,|true;1.0,|true;1.0,|true;1.0,|true;1.0,|true;1.0,|true;1.0
|true;1.0,|true;1.0,|true;1.0,|true;1.0,|true;1.0,|true;1.0,|true;1.0,|true;1.0,|true;1.0,|true;1.0,|true;1.0,|true;1.0,|true;1.0,|true;1.0,|true;1.0,|true;1.0,|true;1.0,|true;1.0,|true;1.0,|true;1.0,|true;1.0,|true;1.0,|true;1.0,|true;1.0,|true;1.0
|true;1.0,|true;1.0,|true;1.0,|true;1.0,|true;1.0,|true;1.0,|true;1.0,|true;1.0,|true;1.0,|true;1.0,|true;1.0,|true;1.0,|true;1.0,|true;1.0,|true;1.0,|true;1.0,|true;1.0,|true;1.0,|true;1.0,|true;1.0,|true;1.0,|true;1.0,|true;1.0,|true;1.0,|true;1.0
|true;1.0,|true;1.0,|true;1.0,|true;1.0,|true;1.0,|true;1.0,|true;1.0,|true;1.0,|true;1.0,|true;1.0,|true;1.0,|true;1.0,|true;1.0,|true;1.0,|true;1.0,|true;1.0,|true;1.0,|true;1.0,|true;1.0,|true;1.0,|true;1.0,|true;1.0,|true;1.0,|true;1.0,|true;1.0
