25,25
|true;1.0,|true;1.0,|true;1.0,/fr/beyondtime/assets\Textures\Artificial_Textures\Brick\Brick_Floor_01_D1.png|false;0.0,|true;1.0,|true;1.0,|true;1.0,|true;1.0,|true;1.0,|true;1.0,|true;1.0,|true;1.0,|true;1.0,|true;1.0,|true;1.0,|true;1.0,|true;1.0,|true;1.0,|true;1.0,|true;1.0,|true;1.0,|true;1.0,|true;1.0,|true;1.0,|true;1.0
|true;1.0,|true;1.0,|true;1.0,/fr/beyondtime/assets\Textures\Artificial_Textures\Brick\Brick_Floor_01_D1.png|false;0.0,|true;1.0,|true;1.0,|true;1.0,|true;1.0,|true;1.0,|true;1.0,|true;1.0,|true;1.0,|true;1.0,|true;1.0,|true;1.0,|true;1.0,|true;1.0,|true;1.0,|true;1.0,|true;1.0,|true;1.0,|true;1.0,|true;1.0,|true;1.0,|true;1.0
|true;1.0,|true;1.0,|true;1.0,/fr/beyondtime/assets\Textures\Artificial_Textures\Brick\Brick_Floor_01_D1.png|false;0.0,|true;1.0,|true;1.0,|true;1.0,|true;1.0,|true;1.0,|true;1.0,|true;1.0,|true;1.0,|true;1.0,|true;1.0,|true;1.0,|true;1.0,|true;1.0,|true;1.0,|true;1.0,|true;1.0,|true;1.0,|true;1.0,|true;1.0,|true;1.0,|true;1.0
/fr/beyondtime/assets\Textures\Artificial_Textures\Brick\Brick_Floor_01_D1.png|false;0.0,/fr/beyondtime/assets\Textures\Artificial_Textures\Brick\Brick_Floor_01_D1.png|false;0.0,/fr/beyondtime/assets\Textures\Artificial_Textures\Brick\Brick_Floor_01_D1.png|false;0.0,/fr/beyondtime/assets\Textures\Artificial_Textures\Brick\Brick_Floor_01_D1.png|false;0.0,|true;1.0,|true;1.0,|true;1.0,|true;1.0,|true;1.0,|true;1.0,|true;1.0,|true;1.0,|true;1.0,|true;1.0,|true;1.0,|true;1.0,|true;1.0,|true;1.0,|true;1.0,|true;1.0,|true;1.0,|true;1.0,|true;1.0,|true;1.0,|true;1.0
|true;1.0,|true;1.0,|true;1.0,|true;1.0,|true;1.0,|true;1.0,|true;1.0,|true;1.0,|true;1.0,|true;1.0,|true;1.0,|true;1.0,|true;1.0,|true;1.0,|true;1.0,|true;1.0,|true;1.0,|true;1.0,|true;1.0,|true;1.0,|true;1.0,|true;1.0,|true;1.0,|true;1.0,|true;1.0
|true;1.0,|true;1.0,|true;1.0,|true;1.0,|true;1.0,|true;1.0,|true;1.0,|true;1.0,|true;1.0,|true;1.0,|true;1.0,|true;1.0,|true;1.0,|true;1.0,|true;1.0,|true;1.0,|true;1.0,|true;1.0,|true;1.0,|true;1.0,|true;1.0,|true;1.0,|true;1.0,|true;1.0,|true;1.0
|true;1.0,|true;1.0,|true;1.0,|true;1.0,|true;1.0,|true;1.0,|true;1.0,|true;1.0,|true;1.0,|true;1.0,|true;1.0,|true;1.0,|true;1.0,|true;1.0,|true;1.0,|true;1.0,|true;1.0,|true;1.0,|true;1.0,|true;1.0,|true;1.0,|true;1.0,|true;1.0,|true;1.0,|true;1.0
|true;1.0,|true;1.0,|true;1.0,|true;1.0,|true;1.0,|true;1.0,|true;1.0,|true;1.0,|true;1.0,|true;1.0,|true;1.0,|true;1.0,|true;1.0,|true;1.0,|true;1.0,|true;1.0,|true;1.0,|true;1.0,|true;1.0,|true;1.0,|true;1.0,|true;1.0,|true;1.0,|true;1.0,|true;1.0
|true;1.0,|true;1.0,|true;1.0,|true;1.0,|true;1.0,|true;1.0,|true;1.0,|true;1.0,|true;1.0,|true;1.0,|true;1.0,|true;1.0,|true;1.0,|true;1.0,|true;1.0,|true;1.0,|true;1.0,|true;1.0,|true;1.0,|true;1.0,|true;1.0,|true;1.0,|true;1.0,|true;1.0,|true;1.0
|true;1.0,|true;1.0,|true;1.0,|true;1.0,|true;1.0,|true;1.0,|true;1.0,|true;1.0,|true;1.0,|true;1.0,|true;1.0,|true;1.0,|true;1.0,|true;1.0,|true;1.0,|true;1.0,|true;1.0,|true;1.0,|true;1.0,|true;1.0,|true;1.0,|true;1.0,|true;1.0,|true;1.0,|true;1.0
|true;1.0,|true;1.0,|true;1.0,|true;1.0,|true;1.0,|true;1.0,|true;1.0,|true;1.0,|true;1.0,|true;1.0,|true;1.0,|true;1.0,|true;1.0,|true;1.0,|true;1.0,|true;1.0,|true;1.0,|true;1.0,|true;1.0,|true;1.0,|true;1.0,|true;1.0,|true;1.0,|true;1.0,|true;1.0
|true;1.0,|true;1.0,|true;1.0,|true;1.0,|true;1.0,|true;1.0,|true;1.0,|true;1.0,|true;1.0,|true;1.0,|true;1.0,|true;1.0,|true;1.0,|true;1.0,|true;1.0,|true;1.0,|true;1.0,|true;1.0,|true;1.0,|true;1.0,|true;1.0,|true;1.0,|true;1.0,|true;1.0,|true;1.0
|true;1.0,|true;1.0,|true;1.0,|true;1.0,|true;1.0,|true;1.0,|true;1.0,|true;1.0,|true;1.0,|true;1.0,|true;1.0,|true;1.0,|true;1.0,|true;1.0,|true;1.0,|true;1.0,|true;1.0,|true;1.0,|true;1.0,|true;1.0,|true;1.0,|true;1.0,|true;1.0,|true;1.0,|true;1.0
|true;1.0,|true;1.0,|true;1.0,|true;1.0,|true;1.0,|true;1.0,|true;1.0,|true;1.0,|true;1.0,|true;1.0,|true;1.0,|true;1.0,|true;1.0,|true;1.0,|true;1.0,|true;1.0,|true;1.0,|true;1.0,|true;1.0,|true;1.0,|true;1.0,|true;1.0,|true;1.0,|true;1.0,|true;1.0
|true;1.0,|true;1.0,|true;1.0,|true;1.0,|true;1.0,|true;1.0,|true;1.0,|true;1.0,|true;1.0,|true;1.0,|true;1.0,|true;1.0,|true;1.0,|true;1.0,|true;1.0,|true;1.0,|true;1.0,|true;1.0,|true;1.0,|true;1.0,|true;1.0,|true;1.0,|true;1.0,|true;1.0,|true;1.0
|true;1.0,|true;1.0,|true;1.0,|true;1.0,|true;1.0,|true;1.0,|true;1.0,|true;1.0,|true;1.0,|true;1.0,|true;1.0,|true;1.0,|true;1.0,|true;1.0,|true;1.0,|true;1.0,|true;1.0,|true;1.0,|true;1.0,|true;1.0,|true;1.0,|true;1.0,|true;1.0,|true;1.0,|true;1.0
|true;1.0,|true;1.0,|true;1.0,|true;1.0,|true;1.0,|true;1.0,|true;1.0,|true;1.0,|true;1.0,|true;1.0,|true;1.0,|true;1.0,|true;1.0,|true;1.0,|true;1.0,|true;1.0,|true;1.0,|true;1.0,|true;1.0,|true;1.0,|true;1.0,|true;1.0,|true;1.0,|true;1.0,|true;1.0
|true;1.0,|true;1.0,|true;1.0,|true;1.0,|true;1.0,|true;1.0,|true;1.0,|true;1.0,|true;1.0,|true;1.0,|true;1.0,|true;1.0,|true;1.0,|true;1.0,|true;1.0,|true;1.0,|true;1.0,|true;1.0,|true;1.0,|true;1.0,|true;1.0,|true;1.0,|true;1.0,|true;1.0,|true;1.0
|true;1.0,|true;1.0,|true;1.0,|true;1.0,|true;1.0,|true;1.0,|true;1.0,|true;1.0,|true;1.0,|true;1.0,|true;1.0,|true;1.0,|true;1.0,|true;1.0,|true;1.0,|true;1.0,|true;1.0,|true;1.0,|true;1.0,|true;1.0,|true;1.0,|true;1.0,|true;1.0,|true;1.0,|true;1.0
|true;1.0,|true;1.0,|true;1.0,|true;1.0,|true;1.0,|true;1.0,|true;1.0,|true;1.0,|true;1.0,|true;1.0,|true;1.0,|true;1.0,|true;1.0,|true;1.0,|true;1.0,|true;1.0,|true;1.0,|true;1.0,|true;1.0,|true;1.0,|true;1.0,|true;1.0,|true;1.0,|true;1.0,|true;1.0
|true;1.0,|true;1.0,|true;1.0,|true;1.0,|true;1.0,|true;1.0,|true;1.0,|true;1.0,|true;1.0,|true;1.0,|true;1.0,|true;1.0,|true;1.0,|true;1.0,|true;1.0,|true;1.0,|true;1.0,|true;1.0,|true;1.0,|true;1.0,|true;1.0,|true;1.0,|true;1.0,|true;1.0,|true;1.0
|true;1.0,|true;1.0,|true;1.0,|true;1.0,|true;1.0,|true;1.0,|true;1.0,|true;1.0,|true;1.0,|true;1.0,|true;1.0,|true;1.0,|true;1.0,|true;1.0,|true;1.0,|true;1.0,|true;1.0,|true;1.0,|true;1.0,|true;1.0,|true;1.0,|true;1.0,|true;1.0,|true;1.0,|true;1.0
|true;1.0,|true;1.0,|true;1.0,|true;1.0,|true;1.0,|true;1.0,|true;1.0,|true;1.0,|true;1.0,|true;1.0,|true;1.0,|true;1.0,|true;1.0,|true;1.0,|true;1.0,|true;1.0,|true;1.0,|true;1.0,|true;1.0,|true;1.0,|true;1.0,|true;1.0,|true;1.0,|true;1.0,|true;1.0
|true;1.0,|true;1.0,|true;1.0,|true;1.0,|true;1.0,|true;1.0,|true;1.0,|true;1.0,|true;1.0,|true;1.0,|true;1.0,|true;1.0,|true;1.0,|true;1.0,|true;1.0,|true;1.0,|true;1.0,|true;1.0,|true;1.0,|true;1.0,|true;1.0,|true;1.0,|true;1.0,|true;1.0,|true;1.0
|true;1.0,|true;1.0,|true;1.0,|true;1.0,|true;1.0,|true;1.0,|true;1.0,|true;1.0,|true;1.0,|true;1.0,|true;1.0,|true;1.0,|true;1.0,|true;1.0,|true;1.0,|true;1.0,|true;1.0,|true;1.0,|true;1.0,|true;1.0,|true;1.0,|true;1.0,|true;1.0,|true;1.0,|true;1.0
